CLUSTER NODES:
NODE:ID ROLE   ADDRESS      EXTERNAL_ADDRESS SHARDS CORES FREE_RAM        VERSION         RACK-ID     STATUS
node:1  master 10.23.106.96                  19     4     13.42GB/14.59GB 4.3.0-230.rhel6 SNC2-R10-5  OK    
node:2  slave  10.23.84.87                   17     4     13.54GB/14.59GB 4.3.0-230.rhel6 SNC2-R10-11 OK    
node:3  slave  10.23.44.147                  12     4     13.75GB/14.59GB 4.3.0-230.rhel6 SNC2-R10-7  OK    

DATABASES:
DB:ID NAME                         TYPE  STATUS SHARDS REPLICATION PERSISTENCE ENDPOINT                                    
db:1  dealestate-configuration-uat redis active 2      enabled     aof         redis-19695.snc1.raas-shared1-uat.grpn:19695
db:2  dealestate-resque-uat        redis active 2      enabled     aof         redis-13239.snc1.raas-shared1-uat.grpn:13239
db:5  sportal-cache-uat            redis active 2      enabled     disabled    redis-10535.snc1.raas-shared1-uat.grpn:10535
db:6  ghostdb-uat                  redis active 2      enabled     aof         redis-11420.snc1.raas-shared1-uat.grpn:11420
db:7  lba-uat                      redis active 1      enabled     aof         redis-13997.snc1.raas-shared1-uat.grpn:13997
db:9  tpis-uat                     redis active 2      enabled     aof         redis-10803.snc1.raas-shared1-uat.grpn:10803
db:10 gpapi-qa                     redis active 2      enabled     aof         redis-15488.snc1.raas-shared1-uat.grpn:15488
db:12 clo-uat                      redis active 1      enabled     aof         redis-16988.snc1.raas-shared1-uat.grpn:16988
db:13 dds-uat                      redis active 2      enabled     aof         redis-16157.snc1.raas-shared1-uat.grpn:16157
db:14 sportal-sidekiq-uat          redis active 1      enabled     aof         redis-18500.snc1.raas-shared1-uat.grpn:18500
db:15 goods-stores-test            redis active 1      enabled     aof         redis-14582.snc1.raas-shared1-uat.grpn:14582
db:16 billing-record-service-uat   redis active 2      enabled     aof         redis-13953.snc1.raas-shared1-uat.grpn:13953
db:19 jtier-cache-uat              redis active 2      enabled     aof         redis-11456.snc1.raas-shared1-uat.grpn:11456
db:20 ocwriter-uat                 redis active 2      enabled     aof         redis-12595.snc1.raas-shared1-uat.grpn:12595

ENDPOINTS:
DB:ID      NAME                                  ID             NODE     ROLE   
db:1       dealestate-configuration-uat          endpoint:1     node:2   master 
db:1       dealestate-configuration-uat          endpoint:2     node:1   slave  
db:2       dealestate-resque-uat                 endpoint:3     node:2   master 
db:2       dealestate-resque-uat                 endpoint:4     node:3   slave  
db:5       sportal-cache-uat                     endpoint:9     node:3   slave  
db:5       sportal-cache-uat                     endpoint:10    node:1   master 
db:6       ghostdb-uat                           endpoint:11    node:1   master 
db:6       ghostdb-uat                           endpoint:12    node:2   slave  
db:7       lba-uat                               endpoint:13    node:1   master 
db:7       lba-uat                               endpoint:14    node:3   slave  
db:9       tpis-uat                              endpoint:17    node:2   master 
db:9       tpis-uat                              endpoint:18    node:3   slave  
db:10      gpapi-qa                              endpoint:19    node:1   master 
db:10      gpapi-qa                              endpoint:20    node:2   slave  
db:12      clo-uat                               endpoint:23    node:3   master 
db:12      clo-uat                               endpoint:24    node:2   slave  
db:13      dds-uat                               endpoint:25    node:1   master 
db:13      dds-uat                               endpoint:26    node:2   slave  
db:14      sportal-sidekiq-uat                   endpoint:27    node:2   master 
db:14      sportal-sidekiq-uat                   endpoint:28    node:1   slave  
db:15      goods-stores-test                     endpoint:29    node:2   master 
db:15      goods-stores-test                     endpoint:30    node:1   slave  
db:16      billing-record-service-uat            endpoint:31    node:1   master 
db:16      billing-record-service-uat            endpoint:32    node:2   slave  
db:19      jtier-cache-uat                       endpoint:35    node:3   master 
db:19      jtier-cache-uat                       endpoint:36    node:1   slave  
db:20      ocwriter-uat                          endpoint:37    node:3   master 
db:20      ocwriter-uat                          endpoint:38    node:1   slave  

SHARDS:
DB:ID NAME                         ID       NODE   ROLE   SLOTS     USED_MEMORY STATUS
db:1  dealestate-configuration-uat redis:1  node:2 master 1-2048    3.8MB       OK    
db:1  dealestate-configuration-uat redis:2  node:1 slave  1-2048    2.57MB      OK    
db:1  dealestate-configuration-uat redis:3  node:2 master 2049-4096 3.81MB      OK    
db:1  dealestate-configuration-uat redis:4  node:1 slave  2049-4096 2.58MB      OK    
db:2  dealestate-resque-uat        redis:5  node:2 master 1-2048    4.02MB      OK    
db:2  dealestate-resque-uat        redis:6  node:3 slave  1-2048    2.26MB      OK    
db:2  dealestate-resque-uat        redis:7  node:2 master 2049-4096 4.09MB      OK    
db:2  dealestate-resque-uat        redis:8  node:3 slave  2049-4096 2.26MB      OK    
db:5  sportal-cache-uat            redis:17 node:3 slave  1-2048    2.57MB      OK    
db:5  sportal-cache-uat            redis:18 node:1 master 1-2048    4.35MB      OK    
db:5  sportal-cache-uat            redis:19 node:3 slave  2049-4096 2.57MB      OK    
db:5  sportal-cache-uat            redis:20 node:1 master 2049-4096 4.35MB      OK    
db:6  ghostdb-uat                  redis:21 node:1 master 1-2048    3.8MB       OK    
db:6  ghostdb-uat                  redis:22 node:2 slave  1-2048    2.6MB       OK    
db:6  ghostdb-uat                  redis:23 node:1 master 2049-4096 3.73MB      OK    
db:6  ghostdb-uat                  redis:24 node:2 slave  2049-4096 2.57MB      OK    
db:7  lba-uat                      redis:25 node:1 master 1-4096    3.93MB      OK    
db:7  lba-uat                      redis:26 node:3 slave  1-4096    2.58MB      OK    
db:9  tpis-uat                     redis:31 node:2 master 1-2048    3.59MB      OK    
db:9  tpis-uat                     redis:32 node:3 slave  1-2048    2.25MB      OK    
db:9  tpis-uat                     redis:33 node:2 master 2049-4096 3.53MB      OK    
db:9  tpis-uat                     redis:34 node:3 slave  2049-4096 2.25MB      OK    
db:10 gpapi-qa                     redis:35 node:1 master 1-2048    3.76MB      OK    
db:10 gpapi-qa                     redis:36 node:2 slave  1-2048    2.57MB      OK    
db:10 gpapi-qa                     redis:37 node:1 master 2049-4096 3.8MB       OK    
db:10 gpapi-qa                     redis:38 node:2 slave  2049-4096 2.57MB      OK    
db:12 clo-uat                      redis:43 node:3 master 1-4096    22.03MB     OK    
db:12 clo-uat                      redis:44 node:2 slave  1-4096    21MB        OK    
db:13 dds-uat                      redis:45 node:1 master 1-2048    3.91MB      OK    
db:13 dds-uat                      redis:46 node:2 slave  1-2048    2.69MB      OK    
db:13 dds-uat                      redis:47 node:1 master 2049-4096 3.94MB      OK    
db:13 dds-uat                      redis:48 node:2 slave  2049-4096 2.75MB      OK    
db:14 sportal-sidekiq-uat          redis:49 node:2 master 1-4096    14.64MB     OK    
db:14 sportal-sidekiq-uat          redis:50 node:1 slave  1-4096    3.54MB      OK    
db:15 goods-stores-test            redis:51 node:2 master 1-4096    3.63MB      OK    
db:15 goods-stores-test            redis:52 node:1 slave  1-4096    2.59MB      OK    
db:16 billing-record-service-uat   redis:53 node:1 master 1-2048    3.8MB       OK    
db:16 billing-record-service-uat   redis:54 node:2 slave  1-2048    2.57MB      OK    
db:16 billing-record-service-uat   redis:55 node:1 master 2049-4096 3.87MB      OK    
db:16 billing-record-service-uat   redis:56 node:2 slave  2049-4096 2.57MB      OK    
db:19 jtier-cache-uat              redis:59 node:3 master 1-2048    3.83MB      OK    
db:19 jtier-cache-uat              redis:60 node:1 slave  1-2048    2.57MB      OK    
db:19 jtier-cache-uat              redis:61 node:3 master 2049-4096 3.87MB      OK    
db:19 jtier-cache-uat              redis:62 node:1 slave  2049-4096 2.57MB      OK    
db:20 ocwriter-uat                 redis:63 node:3 master 1-2048    3.87MB      OK    
db:20 ocwriter-uat                 redis:64 node:1 slave  1-2048    2.57MB      OK    
db:20 ocwriter-uat                 redis:65 node:3 master 2049-4096 3.87MB      OK    
db:20 ocwriter-uat                 redis:66 node:1 slave  2049-4096 2.57MB      OK    
